// Jest Snapshot v1, https://goo.gl/fbAQLP

exports[`Contact component matches snashot 1`] = `[Function]`;
